\BOOKMARK [0][-]{Doc-Start}{\376\377\000R\000e\000s\000u\000m\000e\000n}{}% 1
\BOOKMARK [0][-]{Doc-Start}{\376\377\000A\000b\000s\000t\000r\000a\000c\000t}{}% 2
\BOOKMARK [0][-]{chapter*.2}{\376\377\000\315\000n\000d\000i\000c\000e\000\040\000d\000e\000\040\000f\000i\000g\000u\000r\000a\000s}{}% 3
\BOOKMARK [0][-]{chapter*.3}{\376\377\000\315\000n\000d\000i\000c\000e\000\040\000d\000e\000\040\000t\000a\000b\000l\000a\000s}{}% 4
\BOOKMARK [0][-]{chapter*.3}{\376\377\000A\000c\000r\000\363\000n\000i\000m\000o\000s\000\040\000y\000\040\000s\000\355\000m\000b\000o\000l\000o\000s}{}% 5
\BOOKMARK [0][-]{chapter.1}{\376\377\000I\000n\000t\000r\000o\000d\000u\000c\000c\000i\000\363\000n}{}% 6
\BOOKMARK [1][-]{section.1.1}{\376\377\000M\000o\000t\000i\000v\000a\000c\000i\000\363\000n}{chapter.1}% 7
\BOOKMARK [1][-]{section.1.2}{\376\377\000D\000e\000f\000i\000n\000i\000c\000i\000\363\000n\000\040\000d\000e\000l\000\040\000p\000r\000o\000b\000l\000e\000m\000a}{chapter.1}% 8
\BOOKMARK [1][-]{section.1.3}{\376\377\000O\000b\000j\000e\000t\000i\000v\000o\000s}{chapter.1}% 9
\BOOKMARK [2][-]{subsection.1.3.1}{\376\377\000O\000b\000j\000e\000t\000i\000v\000o\000\040\000G\000e\000n\000e\000r\000a\000l}{section.1.3}% 10
\BOOKMARK [2][-]{subsection.1.3.2}{\376\377\000O\000b\000j\000e\000t\000i\000v\000o\000s\000\040\000E\000s\000p\000e\000c\000\355\000f\000i\000c\000o\000s}{section.1.3}% 11
\BOOKMARK [1][-]{section.1.4}{\376\377\000H\000i\000p\000\363\000t\000e\000s\000i\000s}{chapter.1}% 12
\BOOKMARK [1][-]{section.1.5}{\376\377\000J\000u\000s\000t\000i\000f\000i\000c\000a\000c\000i\000\363\000n}{chapter.1}% 13
\BOOKMARK [1][-]{section.1.6}{\376\377\000D\000e\000l\000i\000m\000i\000t\000a\000c\000i\000\363\000n\000\040\000d\000e\000l\000\040\000a\000l\000c\000a\000n\000c\000e\000\040\000d\000e\000l\000\040\000t\000r\000a\000b\000a\000j\000o}{chapter.1}% 14
\BOOKMARK [1][-]{section.1.7}{\376\377\000D\000e\000s\000c\000r\000i\000p\000c\000i\000\363\000n\000\040\000d\000e\000\040\000l\000o\000s\000\040\000c\000o\000n\000t\000e\000n\000i\000d\000o\000s\000\040\000p\000o\000r\000\040\000c\000a\000p\000\355\000t\000u\000l\000o}{chapter.1}% 15
\BOOKMARK [0][-]{chapter.2}{\376\377\000C\000o\000n\000c\000e\000p\000t\000o\000s\000\040\000f\000u\000n\000d\000a\000m\000e\000n\000t\000a\000l\000e\000s\000,\000\040\000t\000e\000o\000r\000\355\000a\000s\000\040\000y\000\040\000a\000n\000t\000e\000c\000e\000d\000e\000n\000t\000e\000s}{}% 16
\BOOKMARK [1][-]{section.2.1}{\376\377\000T\000r\000a\000s\000t\000o\000r\000n\000o\000\040\000d\000e\000l\000\040\000e\000s\000p\000e\000c\000t\000r\000o\000\040\000a\000u\000t\000i\000s\000t\000a\000\040}{chapter.2}% 17
\BOOKMARK [1][-]{section.2.2}{\376\377\000E\000l\000\040\000C\000o\000n\000t\000e\000x\000t\000o\000\040\000d\000e\000\040\000l\000a\000\040\000S\000a\000l\000u\000d\000\040\000P\000e\000d\000i\000\341\000t\000r\000i\000c\000a\000\040\000e\000n\000\040\000P\000a\000r\000a\000g\000u\000a\000y}{chapter.2}% 18
\BOOKMARK [1][-]{section.2.3}{\376\377\000I\000n\000t\000e\000l\000i\000g\000e\000n\000c\000i\000a\000\040\000A\000r\000t\000i\000f\000i\000c\000i\000a\000l}{chapter.2}% 19
\BOOKMARK [2][-]{subsection.2.3.1}{\376\377\000D\000e\000f\000i\000n\000i\000c\000i\000\363\000n\000\040\000y\000\040\000f\000u\000n\000d\000a\000m\000e\000n\000t\000o\000s}{section.2.3}% 20
\BOOKMARK [2][-]{subsection.2.3.2}{\376\377\000\040\000R\000a\000m\000a\000s\000\040\000d\000e\000\040\000l\000a\000\040\000I\000A\000\040\000a\000p\000l\000i\000c\000a\000d\000a\000s\000\040\000a\000\040\000l\000a\000\040\000i\000n\000g\000e\000n\000i\000e\000r\000\355\000a}{section.2.3}% 21
\BOOKMARK [1][-]{section.2.4}{\376\377\000A\000p\000r\000e\000n\000d\000i\000z\000a\000j\000e\000\040\000a\000u\000t\000o\000m\000\341\000t\000i\000c\000o}{chapter.2}% 22
\BOOKMARK [2][-]{subsection.2.4.1}{\376\377\000\040\000D\000e\000f\000i\000n\000i\000c\000i\000\363\000n\000\040\000y\000\040\000f\000u\000n\000d\000a\000m\000e\000n\000t\000o\000s}{section.2.4}% 23
\BOOKMARK [2][-]{subsection.2.4.2}{\376\377\000\040\000A\000p\000r\000e\000n\000d\000i\000z\000a\000j\000e\000\040\000s\000u\000p\000e\000r\000v\000i\000s\000a\000d\000o}{section.2.4}% 24
\BOOKMARK [2][-]{subsection.2.4.3}{\376\377\000\040\000A\000p\000l\000i\000c\000a\000c\000i\000\363\000n\000\040\000e\000n\000\040\000d\000i\000a\000g\000n\000\363\000s\000t\000i\000c\000o\000\040\000c\000l\000\355\000n\000i\000c\000o}{section.2.4}% 25
\BOOKMARK [1][-]{section.2.5}{\376\377\000V\000i\000s\000i\000\363\000n\000\040\000a\000r\000t\000i\000f\000i\000c\000i\000a\000l}{chapter.2}% 26
\BOOKMARK [2][-]{subsection.2.5.1}{\376\377\000D\000e\000f\000i\000n\000i\000c\000i\000\363\000n\000\040\000y\000\040\000e\000v\000o\000l\000u\000c\000i\000\363\000n}{section.2.5}% 27
\BOOKMARK [2][-]{subsection.2.5.2}{\376\377\000A\000p\000l\000i\000c\000a\000c\000i\000\363\000n\000\040\000e\000n\000\040\000a\000n\000\341\000l\000i\000s\000i\000s\000\040\000d\000e\000\040\000c\000o\000m\000p\000o\000r\000t\000a\000m\000i\000e\000n\000t\000o}{section.2.5}% 28
\BOOKMARK [1][-]{section.2.6}{\376\377\000A\000r\000q\000u\000i\000t\000e\000c\000t\000u\000r\000a\000\040\000H\000\355\000b\000r\000i\000d\000a\000\040\000C\000N\000N\000-\000L\000S\000T\000M\000\040\000p\000a\000r\000a\000\040\000R\000e\000c\000o\000n\000o\000c\000i\000m\000i\000e\000n\000t\000o\000\040\000d\000e\000\040\000P\000a\000t\000r\000o\000n\000e\000s}{chapter.2}% 29
\BOOKMARK [2][-]{subsection.2.6.1}{\376\377\000F\000u\000n\000d\000a\000m\000e\000n\000t\000o\000s\000\040\000d\000e\000\040\000l\000a\000\040\000C\000o\000m\000b\000i\000n\000a\000c\000i\000\363\000n\000\040\000E\000s\000p\000a\000c\000i\000o\000-\000T\000e\000m\000p\000o\000r\000a\000l}{section.2.6}% 30
\BOOKMARK [2][-]{subsection.2.6.2}{\376\377\000E\000x\000t\000r\000a\000c\000c\000i\000\363\000n\000\040\000d\000e\000\040\000C\000a\000r\000a\000c\000t\000e\000r\000\355\000s\000t\000i\000c\000a\000s\000\040\000c\000o\000n\000\040\000C\000N\000N\000\040\000\050\000C\000a\000p\000a\000\040\000E\000s\000p\000a\000c\000i\000a\000l\000\051}{section.2.6}% 31
\BOOKMARK [2][-]{subsection.2.6.3}{\376\377\000P\000r\000o\000c\000e\000s\000a\000m\000i\000e\000n\000t\000o\000\040\000d\000e\000\040\000S\000e\000c\000u\000e\000n\000c\000i\000a\000s\000\040\000c\000o\000n\000\040\000L\000S\000T\000M\000\040\000\050\000C\000a\000p\000a\000\040\000T\000e\000m\000p\000o\000r\000a\000l\000\051}{section.2.6}% 32
\BOOKMARK [2][-]{subsection.2.6.4}{\376\377\000F\000l\000u\000j\000o\000\040\000d\000e\000\040\000D\000a\000t\000o\000s\000\040\000y\000\040\000C\000l\000a\000s\000i\000f\000i\000c\000a\000c\000i\000\363\000n\000\040\000d\000e\000\040\000P\000a\000t\000r\000o\000n\000e\000s\000\040\000d\000e\000\040\000m\000o\000t\000r\000i\000c\000i\000d\000a\000d}{section.2.6}% 33
\BOOKMARK [1][-]{section.2.7}{\376\377\000D\000i\000s\000e\000\361\000o\000\040\000w\000e\000b}{chapter.2}% 34
\BOOKMARK [2][-]{subsection.2.7.1}{\376\377\000I\000n\000t\000e\000r\000f\000a\000z\000\040\000d\000e\000\040\000U\000s\000u\000a\000r\000i\000o\000\040\000y\000\040\000A\000r\000q\000u\000i\000t\000e\000c\000t\000u\000r\000a\000\040\000d\000e\000\040\000I\000n\000t\000e\000g\000r\000a\000c\000i\000\363\000n\000\040\000W\000e\000b}{section.2.7}% 35
\BOOKMARK [2][-]{subsection.2.7.2}{\376\377\000A\000r\000q\000u\000i\000t\000e\000c\000t\000u\000r\000a\000\040\000d\000e\000l\000\040\000L\000a\000d\000o\000\040\000d\000e\000l\000\040\000C\000l\000i\000e\000n\000t\000e\000\040\000\050\000F\000r\000o\000n\000t\000e\000n\000d\000\051}{section.2.7}% 36
\BOOKMARK [2][-]{subsection.2.7.3}{\376\377\000C\000o\000m\000u\000n\000i\000c\000a\000c\000i\000\363\000n\000\040\000y\000\040\000S\000e\000r\000v\000i\000c\000i\000o\000s\000\040\000d\000e\000\040\000R\000e\000d\000\040\000\050\000B\000a\000c\000k\000e\000n\000d\000\051}{section.2.7}% 37
\BOOKMARK [2][-]{subsection.2.7.4}{\376\377\000G\000e\000s\000t\000i\000\363\000n\000\040\000d\000e\000\040\000S\000e\000g\000u\000r\000i\000d\000a\000d\000\040\000y\000\040\000P\000r\000i\000v\000a\000c\000i\000d\000a\000d\000\040\000d\000e\000\040\000D\000a\000t\000o\000s}{section.2.7}% 38
\BOOKMARK [2][-]{subsection.2.7.5}{\376\377\000V\000i\000s\000u\000a\000l\000i\000z\000a\000c\000i\000\363\000n\000\040\000d\000e\000\040\000R\000e\000s\000u\000l\000t\000a\000d\000o\000s\000\040\000y\000\040\000D\000i\000s\000e\000\361\000o\000\040\000d\000e\000\040\000I\000n\000t\000e\000r\000a\000c\000c\000i\000\363\000n}{section.2.7}% 39
\BOOKMARK [0][-]{chapter.3}{\376\377\000T\000e\000c\000n\000o\000l\000o\000g\000\355\000a\000s\000\040\000u\000t\000i\000l\000i\000z\000a\000d\000a\000s}{}% 40
\BOOKMARK [1][-]{section.3.1}{\376\377\000C\000o\000m\000p\000o\000n\000e\000n\000t\000e\000s\000\040\000d\000e\000\040\000H\000a\000r\000d\000w\000a\000r\000e}{chapter.3}% 41
\BOOKMARK [2][-]{subsection.3.1.1}{\376\377\000T\000a\000r\000j\000e\000t\000a\000\040\000g\000r\000\341\000f\000i\000c\000a\000:\000\040\000N\000V\000I\000D\000I\000A\000\040\000G\000e\000F\000o\000r\000c\000e\000\040\000R\000T\000X\000\040\0004\0000\0007\0000}{section.3.1}% 42
\BOOKMARK [2][-]{subsection.3.1.2}{\376\377\000P\000r\000o\000c\000e\000s\000a\000d\000o\000r\000:\000\040\000A\000M\000D\000\040\000R\000y\000z\000e\000n\000\040\0007\000\040\0007\0008\0000\0000\000X\0003\000D}{section.3.1}% 43
\BOOKMARK [1][-]{section.3.2}{\376\377\000C\000o\000m\000p\000o\000n\000e\000n\000t\000e\000s\000\040\000d\000e\000\040\000S\000o\000f\000t\000w\000a\000r\000e}{chapter.3}% 44
\BOOKMARK [2][-]{subsection.3.2.1}{\376\377\000A\000r\000q\000u\000i\000t\000e\000c\000t\000u\000r\000a\000s\000\040\000p\000a\000r\000a\000\040\000l\000a\000\040\000e\000x\000t\000r\000a\000c\000c\000i\000\363\000n\000\040\000d\000e\000\040\000c\000a\000r\000a\000c\000t\000e\000r\000\355\000s\000t\000i\000c\000a\000s}{section.3.2}% 45
\BOOKMARK [3][-]{subsubsection.3.2.1.1}{\376\377\000C\000N\000N\000-\000L\000S\000T\000M}{subsection.3.2.1}% 46
\BOOKMARK [3][-]{subsubsection.3.2.1.2}{\376\377\000R\000e\000s\000N\000e\000t\0005\0000}{subsection.3.2.1}% 47
\BOOKMARK [3][-]{subsubsection.3.2.1.3}{\376\377\000M\000o\000b\000i\000l\000e\000N\000e\000t\000V\0002}{subsection.3.2.1}% 48
\BOOKMARK [3][-]{subsubsection.3.2.1.4}{\376\377\000V\000i\000s\000i\000o\000n\000\040\000T\000r\000a\000n\000s\000f\000o\000r\000m\000e\000r\000\040\000\050\000V\000i\000T\000\051}{subsection.3.2.1}% 49
\BOOKMARK [3][-]{subsubsection.3.2.1.5}{\376\377\000C\000r\000i\000t\000e\000r\000i\000o\000s\000\040\000d\000e\000\040\000e\000v\000a\000l\000u\000a\000c\000i\000\363\000n}{subsection.3.2.1}% 50
\BOOKMARK [1][-]{section.3.3}{\376\377\000T\000e\000c\000n\000o\000l\000o\000g\000\355\000a\000s\000\040\000d\000e\000l\000\040\000F\000r\000o\000n\000t\000e\000n\000d}{chapter.3}% 51
\BOOKMARK [2][-]{subsection.3.3.1}{\376\377\000N\000e\000x\000t\000.\000j\000s}{section.3.3}% 52
\BOOKMARK [2][-]{subsection.3.3.2}{\376\377\000R\000e\000a\000c\000t}{section.3.3}% 53
\BOOKMARK [2][-]{subsection.3.3.3}{\376\377\000T\000y\000p\000e\000S\000c\000r\000i\000p\000t}{section.3.3}% 54
\BOOKMARK [2][-]{subsection.3.3.4}{\376\377\000T\000a\000i\000l\000w\000i\000n\000d\000\040\000C\000S\000S}{section.3.3}% 55
\BOOKMARK [2][-]{subsection.3.3.5}{\376\377\000R\000e\000c\000h\000a\000r\000t\000s}{section.3.3}% 56
\BOOKMARK [2][-]{subsection.3.3.6}{\376\377\000A\000x\000i\000o\000s}{section.3.3}% 57
\BOOKMARK [1][-]{section.3.4}{\376\377\000T\000e\000c\000n\000o\000l\000o\000g\000\355\000a\000s\000\040\000d\000e\000l\000\040\000B\000a\000c\000k\000e\000n\000d}{chapter.3}% 58
\BOOKMARK [2][-]{subsection.3.4.1}{\376\377\000F\000a\000s\000t\000A\000P\000I}{section.3.4}% 59
\BOOKMARK [2][-]{subsection.3.4.2}{\376\377\000U\000v\000i\000c\000o\000r\000n}{section.3.4}% 60
\BOOKMARK [2][-]{subsection.3.4.3}{\376\377\000P\000y\000d\000a\000n\000t\000i\000c}{section.3.4}% 61
\BOOKMARK [2][-]{subsection.3.4.4}{\376\377\000p\000y\000t\000h\000o\000n\000-\000m\000u\000l\000t\000i\000p\000a\000r\000t}{section.3.4}% 62
\BOOKMARK [2][-]{subsection.3.4.5}{\376\377\000T\000e\000n\000s\000o\000r\000F\000l\000o\000w\000\040\000/\000\040\000K\000e\000r\000a\000s\000\040\000\050\000m\000o\000t\000o\000r\000\040\000d\000e\000\040\000i\000n\000f\000e\000r\000e\000n\000c\000i\000a\000\051}{section.3.4}% 63
\BOOKMARK [2][-]{subsection.3.4.6}{\376\377\000O\000p\000e\000n\000C\000V\000\040\000\050\000p\000r\000e\000p\000r\000o\000c\000e\000s\000a\000m\000i\000e\000n\000t\000o\000\040\000e\000n\000\040\000e\000l\000\040\000b\000a\000c\000k\000e\000n\000d\000\051}{section.3.4}% 64
\BOOKMARK [2][-]{subsection.3.4.7}{\376\377\000p\000y\000t\000h\000o\000n\000-\000j\000o\000s\000e}{section.3.4}% 65
\BOOKMARK [1][-]{section.3.5}{\376\377\000S\000e\000r\000v\000i\000c\000i\000o\000s\000\040\000e\000n\000\040\000l\000a\000\040\000N\000u\000b\000e}{chapter.3}% 66
\BOOKMARK [2][-]{subsection.3.5.1}{\376\377\000G\000o\000o\000g\000l\000e\000\040\000D\000r\000i\000v\000e}{section.3.5}% 67
\BOOKMARK [2][-]{subsection.3.5.2}{\376\377\000F\000i\000r\000e\000b\000a\000s\000e\000\040\000F\000i\000r\000e\000s\000t\000o\000r\000e}{section.3.5}% 68
\BOOKMARK [1][-]{section.3.6}{\376\377\000H\000e\000r\000r\000a\000m\000i\000e\000n\000t\000a\000s\000\040\000d\000e\000\040\000D\000e\000s\000a\000r\000r\000o\000l\000l\000o}{chapter.3}% 69
\BOOKMARK [2][-]{subsection.3.6.1}{\376\377\000E\000n\000t\000o\000r\000n\000o\000\040\000d\000e\000\040\000c\000\363\000m\000p\000u\000t\000o\000:\000\040\000G\000o\000o\000g\000l\000e\000\040\000C\000o\000l\000a\000b\000o\000r\000a\000t\000o\000r\000y}{section.3.6}% 70
\BOOKMARK [2][-]{subsection.3.6.2}{\376\377\000E\000n\000t\000o\000r\000n\000o\000\040\000d\000e\000\040\000d\000e\000s\000a\000r\000r\000o\000l\000l\000o\000\040\000i\000n\000t\000e\000g\000r\000a\000d\000o\000:\000\040\000V\000i\000s\000u\000a\000l\000\040\000S\000t\000u\000d\000i\000o\000\040\000C\000o\000d\000e}{section.3.6}% 71
\BOOKMARK [2][-]{subsection.3.6.3}{\376\377\000G\000i\000t\000\040\000y\000\040\000G\000i\000t\000H\000u\000b}{section.3.6}% 72
\BOOKMARK [1][-]{section.3.7}{\376\377\000L\000i\000b\000r\000e\000r\000\355\000a\000s\000\040\000E\000s\000p\000e\000c\000i\000a\000l\000i\000z\000a\000d\000a\000s}{chapter.3}% 73
\BOOKMARK [2][-]{subsection.3.7.1}{\376\377\000Y\000O\000L\000O\000v\0008\000n\000\040\000\050\000U\000l\000t\000r\000a\000l\000y\000t\000i\000c\000s\000\051}{section.3.7}% 74
\BOOKMARK [2][-]{subsection.3.7.2}{\376\377\000C\000L\000A\000H\000E\000\040\000\050\000O\000p\000e\000n\000C\000V\000\051}{section.3.7}% 75
\BOOKMARK [2][-]{subsection.3.7.3}{\376\377\000N\000u\000m\000P\000y}{section.3.7}% 76
\BOOKMARK [2][-]{subsection.3.7.4}{\376\377\000s\000c\000i\000k\000i\000t\000-\000l\000e\000a\000r\000n}{section.3.7}% 77
\BOOKMARK [0][-]{chapter.4}{\376\377\000M\000\351\000t\000o\000d\000o}{}% 78
\BOOKMARK [1][-]{section.4.1}{\376\377\000T\000i\000p\000o\000\040\000d\000e\000\040\000i\000n\000v\000e\000s\000t\000i\000g\000a\000c\000i\000\363\000n}{chapter.4}% 79
\BOOKMARK [1][-]{section.4.2}{\376\377\000A\000l\000c\000a\000n\000c\000e\000\040\000d\000e\000\040\000l\000a\000\040\000i\000n\000v\000e\000s\000t\000i\000g\000a\000c\000i\000\363\000n}{chapter.4}% 80
\BOOKMARK [1][-]{section.4.3}{\376\377\000E\000s\000p\000e\000c\000i\000f\000i\000c\000a\000c\000i\000o\000n\000e\000s\000\040\000d\000e\000\040\000d\000i\000s\000e\000\361\000o\000\040\000y\000\040\000a\000r\000q\000u\000i\000t\000e\000c\000t\000u\000r\000a\000\040\000d\000e\000l\000\040\000s\000i\000s\000t\000e\000m\000a}{chapter.4}% 81
\BOOKMARK [1][-]{section.4.4}{\376\377\000O\000b\000t\000e\000n\000c\000i\000\363\000n\000\040\000d\000e\000\040\000d\000a\000t\000o\000s}{chapter.4}% 82
\BOOKMARK [2][-]{subsection.4.4.1}{\376\377\000D\000e\000l\000i\000m\000i\000t\000a\000c\000i\000\363\000n\000\040\000d\000e\000l\000\040\000e\000s\000t\000u\000d\000i\000o\000\040\000d\000e\000\040\000l\000o\000s\000\040\000d\000a\000t\000o\000s}{section.4.4}% 83
\BOOKMARK [2][-]{subsection.4.4.2}{\376\377\000S\000e\000l\000e\000c\000c\000i\000\363\000n\000\040\000d\000e\000\040\000v\000i\000d\000e\000o\000s\000\040\000y\000\040\000f\000u\000e\000n\000t\000e\000s}{section.4.4}% 84
\BOOKMARK [2][-]{subsection.4.4.3}{\376\377\000E\000x\000t\000r\000a\000c\000c\000i\000\363\000n\000\040\000d\000e\000\040\000f\000o\000t\000o\000g\000r\000a\000m\000a\000s\000\040\000p\000o\000r\000\040\000v\000e\000n\000t\000a\000n\000a\000\040\000d\000e\000\040\000c\000o\000n\000d\000u\000c\000t\000a}{section.4.4}% 85
\BOOKMARK [1][-]{section.4.5}{\376\377\000P\000r\000e\000p\000r\000o\000c\000e\000s\000a\000m\000i\000e\000n\000t\000o}{chapter.4}% 86
\BOOKMARK [2][-]{subsection.4.5.1}{\376\377\000N\000o\000r\000m\000a\000l\000i\000z\000a\000c\000i\000\363\000n\000\040\000d\000e\000\040\000i\000m\000\341\000g\000e\000n\000e\000s}{section.4.5}% 87
\BOOKMARK [2][-]{subsection.4.5.2}{\376\377\000G\000e\000n\000e\000r\000a\000c\000i\000\363\000n\000\040\000d\000e\000\040\000s\000e\000c\000u\000e\000n\000c\000i\000a\000s\000\040\000d\000e\000\040\000v\000i\000d\000e\000o}{section.4.5}% 88
\BOOKMARK [1][-]{section.4.6}{\376\377\000D\000i\000s\000e\000\361\000o\000\040\000y\000\040\000e\000n\000t\000r\000e\000n\000a\000m\000i\000e\000n\000t\000o\000\040\000d\000e\000l\000\040\000m\000o\000d\000e\000l\000o}{chapter.4}% 89
\BOOKMARK [2][-]{subsection.4.6.1}{\376\377\000A\000r\000q\000u\000i\000t\000e\000c\000t\000u\000r\000a\000\040\000C\000N\000N\000\040\000\050\000c\000a\000p\000a\000\040\000e\000s\000p\000a\000c\000i\000a\000l\000\051}{section.4.6}% 90
\BOOKMARK [2][-]{subsection.4.6.2}{\376\377\000A\000r\000q\000u\000i\000t\000e\000c\000t\000u\000r\000a\000\040\000L\000S\000T\000M\000\040\000\050\000c\000a\000p\000a\000\040\000t\000e\000m\000p\000o\000r\000a\000l\000\051}{section.4.6}% 91
\BOOKMARK [2][-]{subsection.4.6.3}{\376\377\000I\000n\000t\000e\000g\000r\000a\000c\000i\000\363\000n\000\040\000d\000e\000l\000\040\000m\000o\000d\000e\000l\000o\000\040\000C\000N\000N\000-\000L\000S\000T\000M}{section.4.6}% 92
\BOOKMARK [2][-]{subsection.4.6.4}{\376\377\000H\000i\000p\000e\000r\000p\000a\000r\000\341\000m\000e\000t\000r\000o\000s\000\040\000d\000e\000\040\000e\000n\000t\000r\000e\000n\000a\000m\000i\000e\000n\000t\000o\000\040\000y\000\040\000a\000j\000u\000s\000t\000e}{section.4.6}% 93
\BOOKMARK [1][-]{section.4.7}{\376\377\000E\000v\000a\000l\000u\000a\000c\000i\000\363\000n\000\040\000d\000e\000l\000\040\000m\000o\000d\000e\000l\000o}{chapter.4}% 94
\BOOKMARK [1][-]{section.4.8}{\376\377\000D\000e\000s\000a\000r\000r\000o\000l\000l\000o\000\040\000e\000\040\000i\000n\000t\000e\000g\000r\000a\000c\000i\000\363\000n\000\040\000d\000e\000\040\000l\000a\000\040\000a\000p\000l\000i\000c\000a\000c\000i\000\363\000n\000\040\000w\000e\000b}{chapter.4}% 95
\BOOKMARK [1][-]{section.4.9}{\376\377\000D\000i\000s\000e\000\361\000o\000\040\000d\000e\000\040\000p\000r\000u\000e\000b\000a\000s}{chapter.4}% 96
\BOOKMARK [0][-]{chapter.5}{\376\377\000R\000e\000s\000u\000l\000t\000a\000d\000o\000s}{}% 97
\BOOKMARK [1][-]{section.5.1}{\376\377\000R\000e\000s\000u\000l\000t\000a\000d\000o\000s\000\040\000d\000e\000l\000\040\000e\000n\000t\000r\000e\000n\000a\000m\000i\000e\000n\000t\000o\000\040\000d\000e\000l\000\040\000m\000o\000d\000e\000l\000o\000\040\000C\000N\000N\000-\000L\000S\000T\000M}{chapter.5}% 98
\BOOKMARK [1][-]{section.5.2}{\376\377\000R\000e\000s\000u\000l\000t\000a\000d\000o\000s\000\040\000d\000e\000\040\000l\000a\000\040\000e\000v\000a\000l\000u\000a\000c\000i\000\363\000n\000\040\000d\000e\000l\000\040\000m\000o\000d\000e\000l\000o}{chapter.5}% 99
\BOOKMARK [1][-]{section.5.3}{\376\377\000R\000e\000s\000u\000l\000t\000a\000d\000o\000s\000\040\000d\000e\000\040\000l\000a\000s\000\040\000p\000r\000u\000e\000b\000a\000s\000\040\000d\000e\000l\000\040\000s\000i\000s\000t\000e\000m\000a\000\040\000w\000e\000b}{chapter.5}% 100
\BOOKMARK [0][-]{chapter.6}{\376\377\000D\000i\000s\000c\000u\000s\000i\000\363\000n}{}% 101
\BOOKMARK [1][-]{section.6.1}{\376\377\000L\000o\000g\000r\000o\000s\000\040\000a\000l\000c\000a\000n\000z\000a\000d\000o\000s}{chapter.6}% 102
\BOOKMARK [1][-]{section.6.2}{\376\377\000S\000o\000l\000u\000c\000i\000\363\000n\000\040\000d\000e\000l\000\040\000p\000r\000o\000b\000l\000e\000m\000a\000\040\000d\000e\000\040\000i\000n\000v\000e\000s\000t\000i\000g\000a\000c\000i\000\363\000n}{chapter.6}% 103
\BOOKMARK [1][-]{section.6.3}{\376\377\000S\000u\000g\000e\000r\000e\000n\000c\000i\000a\000s\000\040\000p\000a\000r\000a\000\040\000f\000u\000t\000u\000r\000a\000s\000\040\000i\000n\000v\000e\000s\000t\000i\000g\000a\000c\000i\000o\000n\000e\000s}{chapter.6}% 104
\BOOKMARK [0][-]{section.6.3}{\376\377\000G\000l\000o\000s\000a\000r\000i\000o}{}% 105
\BOOKMARK [0][-]{section.6.3}{\376\377\000A\000n\000e\000x\000o\000s}{}% 106
\BOOKMARK [0][-]{section.6.3}{\376\377\000R\000e\000f\000e\000r\000e\000n\000c\000i\000a\000s\000\040\000b\000i\000b\000l\000i\000o\000g\000r\000\341\000f\000i\000c\000a\000s}{}% 107
